Drill Listing
=============
Drill: .00984  Tool: 1  Feed: 0  Speed: 0
X 118750  Y 102122
X 108375  Y 102247
X 123375  Y 104872
X 115780  Y 106512
X 105330  Y 106792
X 112260  Y 111202
X 105375  Y 112497
X 110600  Y 115822
X 105350  Y 117272
X 120125  Y 117747
X 114625  Y 117997
X 109450  Y 119542
X 112750  Y 122497
X 105000  Y 123122
X 116500  Y 123997
X 124960  Y 124792
X 120125  Y 125122
X 104875  Y 125497
X 112000  Y 127497
X 105330  Y 129772
X 112250  Y 132622
X 112375  Y 137372
X 124875  Y 140372
X 117000  Y 141497
X 121500  Y 145372
X 116190  Y 145747
X 123500  Y 148747
X 109710  Y 149362
X 112830  Y 151492
X 117260  Y 151622
X 118500  Y 154497
X 115875  Y 154872
X 112860  Y 156322
X 116750  Y 157997
X 114675  Y 158182
X 114750  Y 160622
X 112508  Y 160622
X 123996  Y 160866
X 115625  Y 162872
X 115625  Y 164997
X 123996  Y 166377
X 113700  Y 166477
X 115000  Y 168272
X 113000  Y 169922
X 115000  Y 171572
X 112500  Y 173222
X 115000  Y 174822
X 110800  Y 175978
X 105180  Y 176842
X 112800  Y 177722
X 107180  Y 178812
X 109980  Y 179292
X 115000  Y 182422
X 110500  Y 183672
X 118250  Y 183747
X 122750  Y 183997
X 113500  Y 184012
X 105665  Y 185231
X 116625  Y 185497
X 108375  Y 185747
X 123750  Y 187622
X 124000  Y 190997
X 115375  Y 191372
X 110000  Y 192747
X 121908  Y 193322
X 116625  Y 193372
X 112750  Y 193497
X 104750  Y 193497
X 117115  Y 196061
X 122471  Y 196096
X 111232  Y 196131
X 104975  Y 196165
X 102188  Y 197661
X 119376  Y 197731
X 108136  Y 197781
X 114235  Y 197781
X 145875  Y 198122
X 141750  Y 198122
X 125150  Y 197766
X 130298  Y 197696
X 137208  Y 197622
X 149308  Y 197545
X 144188  Y 196333
X 147602  Y 196317
X 128106  Y 196235
X 140328  Y 195774
X 134408  Y 195622
X 137362  Y 194068
X 131980  Y 192252
X 127660  Y 191902
X 147640  Y 190983
X 142807  Y 190951
X 134990  Y 190812
X 145008  Y 190222
X 140380  Y 189652
X 127000  Y 188372
X 129750  Y 187997
X 141307  Y 187614
X 147455  Y 187427
X 134446  Y 187358
X 125125  Y 186247
X 132460  Y 185682
X 144908  Y 185522
X 130000  Y 185372
X 139938  Y 185213
X 134378  Y 183579
X 131200  Y 183322
X 139763  Y 181921
X 146432  Y 181564
X 127569  Y 180172
X 148756  Y 180114
X 142765  Y 179949
X 134470  Y 179682
X 145513  Y 178626
X 129738  Y 177966
X 139780  Y 177272
X 141000  Y 174247
X 149650  Y 171131
X 132263  Y 169133
X 126752  Y 169133
X 143300  Y 168722
X 145625  Y 168497
X 148609  Y 168489
X 132264  Y 166378
X 126752  Y 166378
X 129508  Y 166377
X 135019  Y 166377
X 126752  Y 163622
X 132263  Y 163622
X 146980  Y 162802
X 143625  Y 161747
X 129508  Y 160866
X 135019  Y 160866
X 126752  Y 160866
X 132264  Y 160866
X 149100  Y 159722
X 147000  Y 159122
X 144500  Y 159122
X 132263  Y 158110
X 126700  Y 158022
X 140250  Y 156222
X 149400  Y 155922
X 147000  Y 155922
X 140830  Y 154152
X 142500  Y 152872
X 147640  Y 152412
X 144500  Y 152247
X 138375  Y 150872
X 130625  Y 150872
X 127250  Y 150872
X 149020  Y 149972
X 125250  Y 149872
X 132375  Y 149497
X 140375  Y 148747
X 130649  Y 148166
X 144700  Y 147662
X 140375  Y 146497
X 149998  Y 142128
X 131987  Y 142112
X 145000  Y 142102
X 129860  Y 141642
X 140100  Y 140522
X 136653  Y 139606
X 134500  Y 139122
X 146500  Y 130497
X 149375  Y 130497
X 140970  Y 128632
X 129930  Y 128302
X 149750  Y 127122
X 125250  Y 126872
X 145250  Y 125747
X 129930  Y 123962
X 137950  Y 123882
X 127250  Y 121747
X 132125  Y 120122
X 145250  Y 118902
X 141700  Y 118372
X 147500  Y 116797
X 135875  Y 116747
X 139125  Y 112622
X 132125  Y 110747
X 135500  Y 109247
X 129180  Y 106172
X 134500  Y 102122
X 126625  Y 102122
X 142500  Y 102122
X 159250  Y 101872
X 165000  Y 101997
X 150350  Y 102072
X 157480  Y 104330
X 150125  Y 105122
X 161625  Y 105747
X 165625  Y 112747
X 162000  Y 116622
X 152500  Y 116747
X 157480  Y 116929
X 165625  Y 119372
X 154760  Y 119532
X 165670  Y 125202
X 154220  Y 125402
X 158750  Y 126747
X 165625  Y 127997
X 157500  Y 130372
X 152500  Y 130497
X 161000  Y 131747
X 165625  Y 134247
X 165625  Y 138372
X 161000  Y 139747
X 155003  Y 142130
X 165625  Y 143247
X 159290  Y 149932
X 152500  Y 149962
X 155900  Y 150012
X 161620  Y 150912
X 150900  Y 153122
X 154700  Y 153122
X 162100  Y 153522
X 162125  Y 157122
X 162125  Y 161122
X 162125  Y 164497
X 162100  Y 168022
X 159600  Y 168022
X 151469  Y 168787
X 157750  Y 169622
X 160800  Y 170922
X 165710  Y 171882
X 152412  Y 171992
X 155750  Y 171997
X 159500  Y 174122
X 154000  Y 174222
X 157375  Y 179997
X 163750  Y 181497
X 150923  Y 181507
X 155208  Y 181522
X 160037  Y 181560
X 153000  Y 183997
X 156790  Y 184382
X 150125  Y 184622
X 156790  Y 186732
X 154420  Y 186732
X 150956  Y 188827
X 154860  Y 194632
X 156880  Y 194792
X 168500  Y 197497
X 156880  Y 197562
X 154685  Y 197570

Drill: .02165  Tool: 2  Feed: 197  Speed: 550
X 100000  Y 104312
X 100000  Y 109312
X 100000  Y 114312
X 100000  Y 119312
X 100000  Y 124312
X 100000  Y 129312
X 100000  Y 134312
X 100000  Y 139312
X 100000  Y 144312
X 100000  Y 149312
X 100000  Y 154312
X 100000  Y 159312
X 100000  Y 164312
X 100000  Y 169312
X 100000  Y 174312
X 100000  Y 179312
X 100000  Y 184312
X 100000  Y 189312
X 100000  Y 194312
X 170866  Y 194312
X 170866  Y 189312
X 170866  Y 184312
X 170866  Y 179312
X 170866  Y 174312
X 170866  Y 169312
X 170866  Y 164312
X 170866  Y 159312
X 170866  Y 154312
X 170865  Y 149312
X 170865  Y 144312
X 170865  Y 139312
X 170866  Y 134312
X 170880  Y 129312
X 170880  Y 124312
X 170880  Y 119312
X 170880  Y 114312
X 170880  Y 109312
X 170880  Y 104312

End of Listing
